[2026-03-01 18-59-33] [INFO    ] discord: Cog 'Dev' erfolgreich geladen.
[2026-03-01 18-59-34] [INFO    ] discord.gateway: Shard ID None has connected to Gateway (Session ID: f29fe4323d0b0ccfce344491423b9a00).
[2026-03-01 18-59-34] [INFO    ] discord.gateway: Shard ID None has connected to Gateway (Session ID: f29fe4323d0b0ccfce344491423b9a00).
[2026-03-01 18-59-36] [INFO    ] discord: Status-Task startet...
[2026-03-01 18-59-36] [INFO    ] discord: Status-Task startet...
[2026-03-01 18-59-36] [INFO    ] discord: Reminder loop startet... auf Aufgaben prüfen
[2026-03-01 18-59-36] [INFO    ] discord: Reminder loop startet... auf Aufgaben prüfen
[2026-03-01 18-59-36] [INFO    ] discord: Status erfolgreich gesetzt.
[2026-03-01 18-59-36] [INFO    ] discord: Status erfolgreich gesetzt.
[2026-03-01 19-22-30] [INFO    ] discord: Reloaded `setup.py` | Ausgeführt von luca_nexory(714361420409733171)
[2026-03-01 19-22-30] [INFO    ] discord: Reloaded `setup.py` | Ausgeführt von luca_nexory(714361420409733171)
[2026-03-01 19-22-39] [INFO    ] discord: Es wurden 3 Befehle synchronisiert. | Ausgeführt von luca_nexory
[2026-03-01 19-22-39] [INFO    ] discord: Es wurden 3 Befehle synchronisiert. | Ausgeführt von luca_nexory
[2026-03-01 19-23-18] [INFO    ] discord: Cog 'Dev' erfolgreich geladen.
[2026-03-01 19-23-19] [INFO    ] discord.gateway: Shard ID None has connected to Gateway (Session ID: b3b97e8cc60aa1d8a176c9029a3c5ac6).
[2026-03-01 19-23-19] [INFO    ] discord.gateway: Shard ID None has connected to Gateway (Session ID: b3b97e8cc60aa1d8a176c9029a3c5ac6).
[2026-03-01 19-23-21] [INFO    ] discord: Status-Task startet...
[2026-03-01 19-23-21] [INFO    ] discord: Status-Task startet...
[2026-03-01 19-23-21] [INFO    ] discord: Reminder loop startet... auf Aufgaben prüfen
[2026-03-01 19-23-21] [INFO    ] discord: Reminder loop startet... auf Aufgaben prüfen
[2026-03-01 19-23-21] [INFO    ] discord: Status erfolgreich gesetzt.
[2026-03-01 19-23-21] [INFO    ] discord: Status erfolgreich gesetzt.
[2026-03-01 19-23-48] [INFO    ] discord: Reloaded `setup.py` | Ausgeführt von luca_nexory(714361420409733171)
[2026-03-01 19-23-48] [INFO    ] discord: Reloaded `setup.py` | Ausgeführt von luca_nexory(714361420409733171)
[2026-03-01 19-25-04] [INFO    ] discord: Reloaded `setup.py` | Ausgeführt von luca_nexory(714361420409733171)
[2026-03-01 19-25-04] [INFO    ] discord: Reloaded `setup.py` | Ausgeführt von luca_nexory(714361420409733171)
[2026-03-01 19-25-34] [INFO    ] discord: Reloaded `setup.py` | Ausgeführt von luca_nexory(714361420409733171)
[2026-03-01 19-25-34] [INFO    ] discord: Reloaded `setup.py` | Ausgeführt von luca_nexory(714361420409733171)
[2026-03-01 19-30-12] [INFO    ] discord: Reloaded `setup.py` | Ausgeführt von luca_nexory(714361420409733171)
[2026-03-01 19-30-12] [INFO    ] discord: Reloaded `setup.py` | Ausgeführt von luca_nexory(714361420409733171)
[2026-03-01 19-31-22] [INFO    ] discord: Reloaded `setup.py` | Ausgeführt von luca_nexory(714361420409733171)
[2026-03-01 19-31-22] [INFO    ] discord: Reloaded `setup.py` | Ausgeführt von luca_nexory(714361420409733171)
[2026-03-01 19-32-15] [INFO    ] discord: Reloaded `setup.py` | Ausgeführt von luca_nexory(714361420409733171)
[2026-03-01 19-32-15] [INFO    ] discord: Reloaded `setup.py` | Ausgeführt von luca_nexory(714361420409733171)
[2026-03-01 19-33-50] [INFO    ] discord: Reloaded `setup.py` | Ausgeführt von luca_nexory(714361420409733171)
[2026-03-01 19-33-50] [INFO    ] discord: Reloaded `setup.py` | Ausgeführt von luca_nexory(714361420409733171)
[2026-03-01 19-35-12] [INFO    ] discord: Reloaded `tasks.py` | Ausgeführt von luca_nexory(714361420409733171)
[2026-03-01 19-35-12] [INFO    ] discord: Reloaded `tasks.py` | Ausgeführt von luca_nexory(714361420409733171)
[2026-03-01 19-35-12] [INFO    ] discord: Reloaded `tasks.py` | Ausgeführt von luca_nexory(714361420409733171)
[2026-03-01 19-35-12] [INFO    ] discord: Reminder loop startet... auf Aufgaben prüfen
[2026-03-01 19-35-12] [INFO    ] discord: Reminder loop startet... auf Aufgaben prüfen
[2026-03-01 19-35-12] [INFO    ] discord: Reminder loop startet... auf Aufgaben prüfen
[2026-03-01 19-35-19] [INFO    ] discord: Reloaded `setup.py` | Ausgeführt von luca_nexory(714361420409733171)
[2026-03-01 19-35-19] [INFO    ] discord: Reloaded `setup.py` | Ausgeführt von luca_nexory(714361420409733171)
[2026-03-01 19-35-19] [INFO    ] discord: Reloaded `setup.py` | Ausgeführt von luca_nexory(714361420409733171)
[2026-03-01 19-38-01] [INFO    ] discord: Reloaded `setup.py` | Ausgeführt von luca_nexory(714361420409733171)
[2026-03-01 19-38-01] [INFO    ] discord: Reloaded `setup.py` | Ausgeführt von luca_nexory(714361420409733171)
[2026-03-01 19-38-01] [INFO    ] discord: Reloaded `setup.py` | Ausgeführt von luca_nexory(714361420409733171)
[2026-03-01 19-42-33] [INFO    ] discord: Reloaded `setup.py` | Ausgeführt von luca_nexory(714361420409733171)
[2026-03-01 19-42-33] [INFO    ] discord: Reloaded `setup.py` | Ausgeführt von luca_nexory(714361420409733171)
[2026-03-01 19-42-33] [INFO    ] discord: Reloaded `setup.py` | Ausgeführt von luca_nexory(714361420409733171)
[2026-03-01 19-44-26] [INFO    ] discord: Reloaded `setup.py` | Ausgeführt von luca_nexory(714361420409733171)
[2026-03-01 19-44-26] [INFO    ] discord: Reloaded `setup.py` | Ausgeführt von luca_nexory(714361420409733171)
[2026-03-01 19-44-26] [INFO    ] discord: Reloaded `setup.py` | Ausgeführt von luca_nexory(714361420409733171)
[2026-03-01 19-45-38] [INFO    ] discord: Reloaded `setup.py` | Ausgeführt von luca_nexory(714361420409733171)
[2026-03-01 19-45-38] [INFO    ] discord: Reloaded `setup.py` | Ausgeführt von luca_nexory(714361420409733171)
[2026-03-01 19-45-38] [INFO    ] discord: Reloaded `setup.py` | Ausgeführt von luca_nexory(714361420409733171)
[2026-03-01 19-48-14] [INFO    ] discord: Reloaded `setup.py` | Ausgeführt von luca_nexory(714361420409733171)
[2026-03-01 19-48-14] [INFO    ] discord: Reloaded `setup.py` | Ausgeführt von luca_nexory(714361420409733171)
[2026-03-01 19-48-14] [INFO    ] discord: Reloaded `setup.py` | Ausgeführt von luca_nexory(714361420409733171)
[2026-03-01 19-49-35] [INFO    ] discord: Reloaded `setup.py` | Ausgeführt von luca_nexory(714361420409733171)
[2026-03-01 19-49-35] [INFO    ] discord: Reloaded `setup.py` | Ausgeführt von luca_nexory(714361420409733171)
[2026-03-01 19-49-35] [INFO    ] discord: Reloaded `setup.py` | Ausgeführt von luca_nexory(714361420409733171)
[2026-03-01 19-53-21] [INFO    ] discord: Status erfolgreich gesetzt.
[2026-03-01 19-53-21] [INFO    ] discord: Status erfolgreich gesetzt.
[2026-03-01 19-53-21] [INFO    ] discord: Status erfolgreich gesetzt.
[2026-03-01 19-56-17] [INFO    ] discord: Reloaded `setup.py` | Ausgeführt von luca_nexory(714361420409733171)
[2026-03-01 19-56-17] [INFO    ] discord: Reloaded `setup.py` | Ausgeführt von luca_nexory(714361420409733171)
[2026-03-01 19-56-17] [INFO    ] discord: Reloaded `setup.py` | Ausgeführt von luca_nexory(714361420409733171)
[2026-03-01 19-56-39] [INFO    ] discord: Reloaded `setup.py` | Ausgeführt von luca_nexory(714361420409733171)
[2026-03-01 19-56-39] [INFO    ] discord: Reloaded `setup.py` | Ausgeführt von luca_nexory(714361420409733171)
[2026-03-01 19-56-39] [INFO    ] discord: Reloaded `setup.py` | Ausgeführt von luca_nexory(714361420409733171)
[2026-03-01 20-00-30] [INFO    ] discord: Reloaded `setup.py` | Ausgeführt von luca_nexory(714361420409733171)
[2026-03-01 20-00-30] [INFO    ] discord: Reloaded `setup.py` | Ausgeführt von luca_nexory(714361420409733171)
[2026-03-01 20-00-30] [INFO    ] discord: Reloaded `setup.py` | Ausgeführt von luca_nexory(714361420409733171)
[2026-03-01 20-06-22] [INFO    ] discord: Reloaded `setup.py` | Ausgeführt von luca_nexory(714361420409733171)
[2026-03-01 20-06-22] [INFO    ] discord: Reloaded `setup.py` | Ausgeführt von luca_nexory(714361420409733171)
[2026-03-01 20-06-22] [INFO    ] discord: Reloaded `setup.py` | Ausgeführt von luca_nexory(714361420409733171)
[2026-03-01 20-06-40] [INFO    ] discord: Reloaded `setup.py` | Ausgeführt von luca_nexory(714361420409733171)
[2026-03-01 20-06-40] [INFO    ] discord: Reloaded `setup.py` | Ausgeführt von luca_nexory(714361420409733171)
[2026-03-01 20-06-40] [INFO    ] discord: Reloaded `setup.py` | Ausgeführt von luca_nexory(714361420409733171)
[2026-03-01 20-08-30] [INFO    ] discord: Reloaded `setup.py` | Ausgeführt von luca_nexory(714361420409733171)
[2026-03-01 20-08-30] [INFO    ] discord: Reloaded `setup.py` | Ausgeführt von luca_nexory(714361420409733171)
[2026-03-01 20-08-30] [INFO    ] discord: Reloaded `setup.py` | Ausgeführt von luca_nexory(714361420409733171)
[2026-03-05 21-08-31] [INFO    ] discord: Cog 'Dev' erfolgreich geladen.
[2026-03-05 21-08-33] [INFO    ] discord.gateway: Shard ID None has connected to Gateway (Session ID: ad1549426cf7db5eabc183a779608299).
[2026-03-05 21-08-33] [INFO    ] discord.gateway: Shard ID None has connected to Gateway (Session ID: ad1549426cf7db5eabc183a779608299).
[2026-03-05 21-08-35] [INFO    ] discord: Status-Task startet...
[2026-03-05 21-08-35] [INFO    ] discord: Status-Task startet...
[2026-03-05 21-08-35] [INFO    ] discord: Reminder loop startet... auf Aufgaben prüfen
[2026-03-05 21-08-35] [INFO    ] discord: Reminder loop startet... auf Aufgaben prüfen
[2026-03-05 21-08-35] [INFO    ] discord: Status erfolgreich gesetzt.
[2026-03-05 21-08-35] [INFO    ] discord: Status erfolgreich gesetzt.
[2026-03-05 21-11-19] [INFO    ] discord: Reloaded `setup.py` | Ausgeführt von luca_nexory(714361420409733171)
[2026-03-05 21-11-19] [INFO    ] discord: Reloaded `setup.py` | Ausgeführt von luca_nexory(714361420409733171)
[2026-03-05 21-12-59] [INFO    ] discord: Reloaded `calendar.py` | Ausgeführt von luca_nexory(714361420409733171)
[2026-03-05 21-12-59] [INFO    ] discord: Reloaded `calendar.py` | Ausgeführt von luca_nexory(714361420409733171)
[2026-03-05 21-17-01] [INFO    ] discord: Reloaded `calendar.py` | Ausgeführt von luca_nexory(714361420409733171)
[2026-03-05 21-17-01] [INFO    ] discord: Reloaded `calendar.py` | Ausgeführt von luca_nexory(714361420409733171)
[2026-03-05 21-17-04] [INFO    ] discord: Es wurden 3 Befehle synchronisiert. | Ausgeführt von luca_nexory
[2026-03-05 21-17-04] [INFO    ] discord: Es wurden 3 Befehle synchronisiert. | Ausgeführt von luca_nexory
[2026-03-05 21-22-10] [INFO    ] discord: Reloaded `calendar.py` | Ausgeführt von luca_nexory(714361420409733171)
[2026-03-05 21-22-10] [INFO    ] discord: Reloaded `calendar.py` | Ausgeführt von luca_nexory(714361420409733171)
[2026-03-05 21-23-34] [INFO    ] discord: Reloaded `tasks.py` | Ausgeführt von luca_nexory(714361420409733171)
[2026-03-05 21-23-34] [INFO    ] discord: Reloaded `tasks.py` | Ausgeführt von luca_nexory(714361420409733171)
[2026-03-05 21-23-34] [INFO    ] discord: Reloaded `tasks.py` | Ausgeführt von luca_nexory(714361420409733171)
[2026-03-05 21-23-34] [INFO    ] discord: Reminder loop startet... auf Aufgaben prüfen
[2026-03-05 21-23-34] [INFO    ] discord: Reminder loop startet... auf Aufgaben prüfen
[2026-03-05 21-23-34] [INFO    ] discord: Reminder loop startet... auf Aufgaben prüfen
[2026-03-05 21-24-55] [INFO    ] discord: Reloaded `tasks.py` | Ausgeführt von luca_nexory(714361420409733171)
[2026-03-05 21-24-55] [INFO    ] discord: Reloaded `tasks.py` | Ausgeführt von luca_nexory(714361420409733171)
[2026-03-05 21-24-55] [INFO    ] discord: Reloaded `tasks.py` | Ausgeführt von luca_nexory(714361420409733171)
[2026-03-05 21-24-55] [INFO    ] discord: Reloaded `tasks.py` | Ausgeführt von luca_nexory(714361420409733171)
[2026-03-05 21-24-55] [INFO    ] discord: Reminder loop startet... auf Aufgaben prüfen
[2026-03-05 21-24-55] [INFO    ] discord: Reminder loop startet... auf Aufgaben prüfen
[2026-03-05 21-24-55] [INFO    ] discord: Reminder loop startet... auf Aufgaben prüfen
[2026-03-05 21-24-55] [INFO    ] discord: Reminder loop startet... auf Aufgaben prüfen
[2026-03-05 21-25-18] [INFO    ] discord: Reloaded `tasks.py` | Ausgeführt von luca_nexory(714361420409733171)
[2026-03-05 21-25-18] [INFO    ] discord: Reloaded `tasks.py` | Ausgeführt von luca_nexory(714361420409733171)
[2026-03-05 21-25-18] [INFO    ] discord: Reloaded `tasks.py` | Ausgeführt von luca_nexory(714361420409733171)
[2026-03-05 21-25-18] [INFO    ] discord: Reloaded `tasks.py` | Ausgeführt von luca_nexory(714361420409733171)
[2026-03-05 21-25-18] [INFO    ] discord: Reloaded `tasks.py` | Ausgeführt von luca_nexory(714361420409733171)
[2026-03-05 21-25-18] [INFO    ] discord: Reminder loop startet... auf Aufgaben prüfen
[2026-03-05 21-25-18] [INFO    ] discord: Reminder loop startet... auf Aufgaben prüfen
[2026-03-05 21-25-18] [INFO    ] discord: Reminder loop startet... auf Aufgaben prüfen
[2026-03-05 21-25-18] [INFO    ] discord: Reminder loop startet... auf Aufgaben prüfen
[2026-03-05 21-25-18] [INFO    ] discord: Reminder loop startet... auf Aufgaben prüfen
[2026-03-05 21-26-00] [INFO    ] discord: Reloaded `tasks.py` | Ausgeführt von luca_nexory(714361420409733171)
[2026-03-05 21-26-00] [INFO    ] discord: Reloaded `tasks.py` | Ausgeführt von luca_nexory(714361420409733171)
[2026-03-05 21-26-00] [INFO    ] discord: Reloaded `tasks.py` | Ausgeführt von luca_nexory(714361420409733171)
[2026-03-05 21-26-00] [INFO    ] discord: Reloaded `tasks.py` | Ausgeführt von luca_nexory(714361420409733171)
[2026-03-05 21-26-00] [INFO    ] discord: Reloaded `tasks.py` | Ausgeführt von luca_nexory(714361420409733171)
[2026-03-05 21-26-00] [INFO    ] discord: Reloaded `tasks.py` | Ausgeführt von luca_nexory(714361420409733171)
[2026-03-05 21-26-00] [INFO    ] discord: Reminder loop startet... auf Aufgaben prüfen
[2026-03-05 21-26-00] [INFO    ] discord: Reminder loop startet... auf Aufgaben prüfen
[2026-03-05 21-26-00] [INFO    ] discord: Reminder loop startet... auf Aufgaben prüfen
[2026-03-05 21-26-00] [INFO    ] discord: Reminder loop startet... auf Aufgaben prüfen
[2026-03-05 21-26-00] [INFO    ] discord: Reminder loop startet... auf Aufgaben prüfen
[2026-03-05 21-26-00] [INFO    ] discord: Reminder loop startet... auf Aufgaben prüfen
[2026-03-05 21-27-07] [INFO    ] discord: Reloaded `tasks.py` | Ausgeführt von luca_nexory(714361420409733171)
[2026-03-05 21-27-07] [INFO    ] discord: Reloaded `tasks.py` | Ausgeführt von luca_nexory(714361420409733171)
[2026-03-05 21-27-07] [INFO    ] discord: Reloaded `tasks.py` | Ausgeführt von luca_nexory(714361420409733171)
[2026-03-05 21-27-07] [INFO    ] discord: Reloaded `tasks.py` | Ausgeführt von luca_nexory(714361420409733171)
[2026-03-05 21-27-07] [INFO    ] discord: Reloaded `tasks.py` | Ausgeführt von luca_nexory(714361420409733171)
[2026-03-05 21-27-07] [INFO    ] discord: Reloaded `tasks.py` | Ausgeführt von luca_nexory(714361420409733171)
[2026-03-05 21-27-07] [INFO    ] discord: Reloaded `tasks.py` | Ausgeführt von luca_nexory(714361420409733171)
[2026-03-05 21-27-07] [INFO    ] discord: Reminder loop startet... auf Aufgaben prüfen
[2026-03-05 21-27-07] [INFO    ] discord: Reminder loop startet... auf Aufgaben prüfen
[2026-03-05 21-27-07] [INFO    ] discord: Reminder loop startet... auf Aufgaben prüfen
[2026-03-05 21-27-07] [INFO    ] discord: Reminder loop startet... auf Aufgaben prüfen
[2026-03-05 21-27-07] [INFO    ] discord: Reminder loop startet... auf Aufgaben prüfen
[2026-03-05 21-27-07] [INFO    ] discord: Reminder loop startet... auf Aufgaben prüfen
[2026-03-05 21-27-07] [INFO    ] discord: Reminder loop startet... auf Aufgaben prüfen
[2026-03-05 21-27-07] [WARNING ] discord: Konnte Reminder-DM an 714361420409733171 nicht senden.
[2026-03-05 21-27-07] [WARNING ] discord: Konnte Reminder-DM an 714361420409733171 nicht senden.
[2026-03-05 21-27-07] [WARNING ] discord: Konnte Reminder-DM an 714361420409733171 nicht senden.
[2026-03-05 21-27-07] [WARNING ] discord: Konnte Reminder-DM an 714361420409733171 nicht senden.
[2026-03-05 21-27-07] [WARNING ] discord: Konnte Reminder-DM an 714361420409733171 nicht senden.
[2026-03-05 21-27-07] [WARNING ] discord: Konnte Reminder-DM an 714361420409733171 nicht senden.
[2026-03-05 21-27-07] [WARNING ] discord: Konnte Reminder-DM an 714361420409733171 nicht senden.
[2026-03-05 21-27-56] [INFO    ] discord: Reloaded `tasks.py` | Ausgeführt von luca_nexory(714361420409733171)
[2026-03-05 21-27-56] [INFO    ] discord: Reloaded `tasks.py` | Ausgeführt von luca_nexory(714361420409733171)
[2026-03-05 21-27-56] [INFO    ] discord: Reloaded `tasks.py` | Ausgeführt von luca_nexory(714361420409733171)
[2026-03-05 21-27-56] [INFO    ] discord: Reloaded `tasks.py` | Ausgeführt von luca_nexory(714361420409733171)
[2026-03-05 21-27-56] [INFO    ] discord: Reloaded `tasks.py` | Ausgeführt von luca_nexory(714361420409733171)
[2026-03-05 21-27-56] [INFO    ] discord: Reloaded `tasks.py` | Ausgeführt von luca_nexory(714361420409733171)
[2026-03-05 21-27-56] [INFO    ] discord: Reloaded `tasks.py` | Ausgeführt von luca_nexory(714361420409733171)
[2026-03-05 21-27-56] [INFO    ] discord: Reloaded `tasks.py` | Ausgeführt von luca_nexory(714361420409733171)
[2026-03-05 21-27-56] [INFO    ] discord: Reminder loop startet... auf Aufgaben prüfen
[2026-03-05 21-27-56] [INFO    ] discord: Reminder loop startet... auf Aufgaben prüfen
[2026-03-05 21-27-56] [INFO    ] discord: Reminder loop startet... auf Aufgaben prüfen
[2026-03-05 21-27-56] [INFO    ] discord: Reminder loop startet... auf Aufgaben prüfen
[2026-03-05 21-27-56] [INFO    ] discord: Reminder loop startet... auf Aufgaben prüfen
[2026-03-05 21-27-56] [INFO    ] discord: Reminder loop startet... auf Aufgaben prüfen
[2026-03-05 21-27-56] [INFO    ] discord: Reminder loop startet... auf Aufgaben prüfen
[2026-03-05 21-27-56] [INFO    ] discord: Reminder loop startet... auf Aufgaben prüfen
[2026-03-05 21-31-56] [INFO    ] discord: Reloaded `tasks.py` | Ausgeführt von luca_nexory(714361420409733171)
[2026-03-05 21-31-56] [INFO    ] discord: Reloaded `tasks.py` | Ausgeführt von luca_nexory(714361420409733171)
[2026-03-05 21-31-56] [INFO    ] discord: Reloaded `tasks.py` | Ausgeführt von luca_nexory(714361420409733171)
[2026-03-05 21-31-56] [INFO    ] discord: Reloaded `tasks.py` | Ausgeführt von luca_nexory(714361420409733171)
[2026-03-05 21-31-56] [INFO    ] discord: Reloaded `tasks.py` | Ausgeführt von luca_nexory(714361420409733171)
[2026-03-05 21-31-56] [INFO    ] discord: Reloaded `tasks.py` | Ausgeführt von luca_nexory(714361420409733171)
[2026-03-05 21-31-56] [INFO    ] discord: Reloaded `tasks.py` | Ausgeführt von luca_nexory(714361420409733171)
[2026-03-05 21-31-56] [INFO    ] discord: Reloaded `tasks.py` | Ausgeführt von luca_nexory(714361420409733171)
[2026-03-05 21-31-56] [INFO    ] discord: Reloaded `tasks.py` | Ausgeführt von luca_nexory(714361420409733171)
[2026-03-05 21-31-56] [INFO    ] discord: Reminder loop startet... auf Aufgaben prüfen
[2026-03-05 21-31-56] [INFO    ] discord: Reminder loop startet... auf Aufgaben prüfen
[2026-03-05 21-31-56] [INFO    ] discord: Reminder loop startet... auf Aufgaben prüfen
[2026-03-05 21-31-56] [INFO    ] discord: Reminder loop startet... auf Aufgaben prüfen
[2026-03-05 21-31-56] [INFO    ] discord: Reminder loop startet... auf Aufgaben prüfen
[2026-03-05 21-31-56] [INFO    ] discord: Reminder loop startet... auf Aufgaben prüfen
[2026-03-05 21-31-56] [INFO    ] discord: Reminder loop startet... auf Aufgaben prüfen
[2026-03-05 21-31-56] [INFO    ] discord: Reminder loop startet... auf Aufgaben prüfen
[2026-03-05 21-31-56] [INFO    ] discord: Reminder loop startet... auf Aufgaben prüfen
[2026-03-05 21-32-17] [INFO    ] discord: Reloaded `tasks.py` | Ausgeführt von luca_nexory(714361420409733171)
[2026-03-05 21-32-17] [INFO    ] discord: Reloaded `tasks.py` | Ausgeführt von luca_nexory(714361420409733171)
[2026-03-05 21-32-17] [INFO    ] discord: Reloaded `tasks.py` | Ausgeführt von luca_nexory(714361420409733171)
[2026-03-05 21-32-17] [INFO    ] discord: Reloaded `tasks.py` | Ausgeführt von luca_nexory(714361420409733171)
[2026-03-05 21-32-17] [INFO    ] discord: Reloaded `tasks.py` | Ausgeführt von luca_nexory(714361420409733171)
[2026-03-05 21-32-17] [INFO    ] discord: Reloaded `tasks.py` | Ausgeführt von luca_nexory(714361420409733171)
[2026-03-05 21-32-17] [INFO    ] discord: Reloaded `tasks.py` | Ausgeführt von luca_nexory(714361420409733171)
[2026-03-05 21-32-17] [INFO    ] discord: Reloaded `tasks.py` | Ausgeführt von luca_nexory(714361420409733171)
[2026-03-05 21-32-17] [INFO    ] discord: Reloaded `tasks.py` | Ausgeführt von luca_nexory(714361420409733171)
[2026-03-05 21-32-17] [INFO    ] discord: Reloaded `tasks.py` | Ausgeführt von luca_nexory(714361420409733171)
[2026-03-05 21-32-17] [INFO    ] discord: Reminder loop startet... auf Aufgaben prüfen
[2026-03-05 21-32-17] [INFO    ] discord: Reminder loop startet... auf Aufgaben prüfen
[2026-03-05 21-32-17] [INFO    ] discord: Reminder loop startet... auf Aufgaben prüfen
[2026-03-05 21-32-17] [INFO    ] discord: Reminder loop startet... auf Aufgaben prüfen
[2026-03-05 21-32-17] [INFO    ] discord: Reminder loop startet... auf Aufgaben prüfen
[2026-03-05 21-32-17] [INFO    ] discord: Reminder loop startet... auf Aufgaben prüfen
[2026-03-05 21-32-17] [INFO    ] discord: Reminder loop startet... auf Aufgaben prüfen
[2026-03-05 21-32-17] [INFO    ] discord: Reminder loop startet... auf Aufgaben prüfen
[2026-03-05 21-32-17] [INFO    ] discord: Reminder loop startet... auf Aufgaben prüfen
[2026-03-05 21-32-17] [INFO    ] discord: Reminder loop startet... auf Aufgaben prüfen
[2026-03-05 21-32-27] [INFO    ] discord: Reloaded `tasks.py` | Ausgeführt von luca_nexory(714361420409733171)
[2026-03-05 21-32-27] [INFO    ] discord: Reloaded `tasks.py` | Ausgeführt von luca_nexory(714361420409733171)
[2026-03-05 21-32-27] [INFO    ] discord: Reloaded `tasks.py` | Ausgeführt von luca_nexory(714361420409733171)
[2026-03-05 21-32-27] [INFO    ] discord: Reloaded `tasks.py` | Ausgeführt von luca_nexory(714361420409733171)
[2026-03-05 21-32-27] [INFO    ] discord: Reloaded `tasks.py` | Ausgeführt von luca_nexory(714361420409733171)
[2026-03-05 21-32-27] [INFO    ] discord: Reloaded `tasks.py` | Ausgeführt von luca_nexory(714361420409733171)
[2026-03-05 21-32-27] [INFO    ] discord: Reloaded `tasks.py` | Ausgeführt von luca_nexory(714361420409733171)
[2026-03-05 21-32-27] [INFO    ] discord: Reloaded `tasks.py` | Ausgeführt von luca_nexory(714361420409733171)
[2026-03-05 21-32-27] [INFO    ] discord: Reloaded `tasks.py` | Ausgeführt von luca_nexory(714361420409733171)
[2026-03-05 21-32-27] [INFO    ] discord: Reloaded `tasks.py` | Ausgeführt von luca_nexory(714361420409733171)
[2026-03-05 21-32-27] [INFO    ] discord: Reloaded `tasks.py` | Ausgeführt von luca_nexory(714361420409733171)
[2026-03-05 21-32-27] [INFO    ] discord: Reminder loop startet... auf Aufgaben prüfen
[2026-03-05 21-32-27] [INFO    ] discord: Reminder loop startet... auf Aufgaben prüfen
[2026-03-05 21-32-27] [INFO    ] discord: Reminder loop startet... auf Aufgaben prüfen
[2026-03-05 21-32-27] [INFO    ] discord: Reminder loop startet... auf Aufgaben prüfen
[2026-03-05 21-32-27] [INFO    ] discord: Reminder loop startet... auf Aufgaben prüfen
[2026-03-05 21-32-27] [INFO    ] discord: Reminder loop startet... auf Aufgaben prüfen
[2026-03-05 21-32-27] [INFO    ] discord: Reminder loop startet... auf Aufgaben prüfen
[2026-03-05 21-32-27] [INFO    ] discord: Reminder loop startet... auf Aufgaben prüfen
[2026-03-05 21-32-27] [INFO    ] discord: Reminder loop startet... auf Aufgaben prüfen
[2026-03-05 21-32-27] [INFO    ] discord: Reminder loop startet... auf Aufgaben prüfen
[2026-03-05 21-32-27] [INFO    ] discord: Reminder loop startet... auf Aufgaben prüfen
[2026-03-05 21-32-27] [WARNING ] discord: Konnte Reminder-DM an 714361420409733171 nicht senden.
[2026-03-05 21-32-27] [WARNING ] discord: Konnte Reminder-DM an 714361420409733171 nicht senden.
[2026-03-05 21-32-27] [WARNING ] discord: Konnte Reminder-DM an 714361420409733171 nicht senden.
[2026-03-05 21-32-27] [WARNING ] discord: Konnte Reminder-DM an 714361420409733171 nicht senden.
[2026-03-05 21-32-27] [WARNING ] discord: Konnte Reminder-DM an 714361420409733171 nicht senden.
[2026-03-05 21-32-27] [WARNING ] discord: Konnte Reminder-DM an 714361420409733171 nicht senden.
[2026-03-05 21-32-27] [WARNING ] discord: Konnte Reminder-DM an 714361420409733171 nicht senden.
[2026-03-05 21-32-27] [WARNING ] discord: Konnte Reminder-DM an 714361420409733171 nicht senden.
[2026-03-05 21-32-27] [WARNING ] discord: Konnte Reminder-DM an 714361420409733171 nicht senden.
[2026-03-05 21-32-27] [WARNING ] discord: Konnte Reminder-DM an 714361420409733171 nicht senden.
[2026-03-05 21-32-27] [WARNING ] discord: Konnte Reminder-DM an 714361420409733171 nicht senden.
[2026-03-05 21-32-27] [WARNING ] discord: Konnte Reminder-DM an 714361420409733171 nicht senden.
[2026-03-05 21-32-27] [WARNING ] discord: Konnte Reminder-DM an 714361420409733171 nicht senden.
[2026-03-05 21-32-27] [WARNING ] discord: Konnte Reminder-DM an 714361420409733171 nicht senden.
[2026-03-05 21-32-27] [WARNING ] discord: Konnte Reminder-DM an 714361420409733171 nicht senden.
[2026-03-05 21-32-27] [WARNING ] discord: Konnte Reminder-DM an 714361420409733171 nicht senden.
[2026-03-05 21-32-27] [WARNING ] discord: Konnte Reminder-DM an 714361420409733171 nicht senden.
[2026-03-05 21-32-27] [WARNING ] discord: Konnte Reminder-DM an 714361420409733171 nicht senden.
[2026-03-05 21-32-27] [WARNING ] discord: Konnte Reminder-DM an 714361420409733171 nicht senden.
[2026-03-05 21-32-27] [WARNING ] discord: Konnte Reminder-DM an 714361420409733171 nicht senden.
[2026-03-05 21-32-27] [WARNING ] discord: Konnte Reminder-DM an 714361420409733171 nicht senden.
[2026-03-05 21-32-27] [WARNING ] discord: Konnte Reminder-DM an 714361420409733171 nicht senden.
[2026-03-05 21-32-27] [WARNING ] discord: Konnte Reminder-DM an 714361420409733171 nicht senden.
[2026-03-05 21-32-27] [WARNING ] discord: Konnte Reminder-DM an 714361420409733171 nicht senden.
[2026-03-05 21-32-27] [WARNING ] discord: Konnte Reminder-DM an 714361420409733171 nicht senden.
[2026-03-05 21-32-27] [WARNING ] discord: Konnte Reminder-DM an 714361420409733171 nicht senden.
[2026-03-05 21-32-27] [WARNING ] discord: Konnte Reminder-DM an 714361420409733171 nicht senden.
[2026-03-05 21-32-27] [WARNING ] discord: Konnte Reminder-DM an 714361420409733171 nicht senden.
[2026-03-05 21-32-27] [WARNING ] discord: Konnte Reminder-DM an 714361420409733171 nicht senden.
[2026-03-05 21-32-27] [WARNING ] discord: Konnte Reminder-DM an 714361420409733171 nicht senden.
[2026-03-05 21-32-27] [WARNING ] discord: Konnte Reminder-DM an 714361420409733171 nicht senden.
[2026-03-05 21-32-27] [WARNING ] discord: Konnte Reminder-DM an 714361420409733171 nicht senden.
[2026-03-05 21-32-27] [WARNING ] discord: Konnte Reminder-DM an 714361420409733171 nicht senden.
[2026-03-05 21-33-27] [WARNING ] discord: Konnte Reminder-DM an 714361420409733171 nicht senden.
[2026-03-05 21-33-27] [WARNING ] discord: Konnte Reminder-DM an 714361420409733171 nicht senden.
[2026-03-05 21-33-27] [WARNING ] discord: Konnte Reminder-DM an 714361420409733171 nicht senden.
[2026-03-05 21-33-27] [WARNING ] discord: Konnte Reminder-DM an 714361420409733171 nicht senden.
[2026-03-05 21-33-27] [WARNING ] discord: Konnte Reminder-DM an 714361420409733171 nicht senden.
[2026-03-05 21-33-27] [WARNING ] discord: Konnte Reminder-DM an 714361420409733171 nicht senden.
[2026-03-05 21-33-27] [WARNING ] discord: Konnte Reminder-DM an 714361420409733171 nicht senden.
[2026-03-05 21-33-27] [WARNING ] discord: Konnte Reminder-DM an 714361420409733171 nicht senden.
[2026-03-05 21-33-27] [WARNING ] discord: Konnte Reminder-DM an 714361420409733171 nicht senden.
[2026-03-05 21-33-27] [WARNING ] discord: Konnte Reminder-DM an 714361420409733171 nicht senden.
[2026-03-05 21-33-27] [WARNING ] discord: Konnte Reminder-DM an 714361420409733171 nicht senden.
[2026-03-05 21-33-27] [WARNING ] discord: Konnte Reminder-DM an 714361420409733171 nicht senden.
[2026-03-05 21-33-27] [WARNING ] discord: Konnte Reminder-DM an 714361420409733171 nicht senden.
[2026-03-05 21-33-27] [WARNING ] discord: Konnte Reminder-DM an 714361420409733171 nicht senden.
[2026-03-05 21-33-27] [WARNING ] discord: Konnte Reminder-DM an 714361420409733171 nicht senden.
[2026-03-05 21-33-27] [WARNING ] discord: Konnte Reminder-DM an 714361420409733171 nicht senden.
[2026-03-05 21-33-27] [WARNING ] discord: Konnte Reminder-DM an 714361420409733171 nicht senden.
[2026-03-05 21-33-27] [WARNING ] discord: Konnte Reminder-DM an 714361420409733171 nicht senden.
[2026-03-05 21-33-27] [WARNING ] discord: Konnte Reminder-DM an 714361420409733171 nicht senden.
[2026-03-05 21-33-27] [WARNING ] discord: Konnte Reminder-DM an 714361420409733171 nicht senden.
[2026-03-05 21-33-27] [WARNING ] discord: Konnte Reminder-DM an 714361420409733171 nicht senden.
[2026-03-05 21-33-27] [WARNING ] discord: Konnte Reminder-DM an 714361420409733171 nicht senden.
[2026-03-05 21-33-27] [WARNING ] discord: Konnte Reminder-DM an 714361420409733171 nicht senden.
[2026-03-05 21-33-27] [WARNING ] discord: Konnte Reminder-DM an 714361420409733171 nicht senden.
[2026-03-05 21-33-27] [WARNING ] discord: Konnte Reminder-DM an 714361420409733171 nicht senden.
[2026-03-05 21-33-27] [WARNING ] discord: Konnte Reminder-DM an 714361420409733171 nicht senden.
[2026-03-05 21-33-27] [WARNING ] discord: Konnte Reminder-DM an 714361420409733171 nicht senden.
[2026-03-05 21-33-27] [WARNING ] discord: Konnte Reminder-DM an 714361420409733171 nicht senden.
[2026-03-05 21-33-27] [WARNING ] discord: Konnte Reminder-DM an 714361420409733171 nicht senden.
[2026-03-05 21-33-27] [WARNING ] discord: Konnte Reminder-DM an 714361420409733171 nicht senden.
[2026-03-05 21-33-27] [WARNING ] discord: Konnte Reminder-DM an 714361420409733171 nicht senden.
[2026-03-05 21-33-27] [WARNING ] discord: Konnte Reminder-DM an 714361420409733171 nicht senden.
[2026-03-05 21-33-27] [WARNING ] discord: Konnte Reminder-DM an 714361420409733171 nicht senden.
[2026-03-05 21-33-31] [INFO    ] discord: Reloaded `tasks.py` | Ausgeführt von luca_nexory(714361420409733171)
[2026-03-05 21-33-31] [INFO    ] discord: Reloaded `tasks.py` | Ausgeführt von luca_nexory(714361420409733171)
[2026-03-05 21-33-31] [INFO    ] discord: Reloaded `tasks.py` | Ausgeführt von luca_nexory(714361420409733171)
[2026-03-05 21-33-31] [INFO    ] discord: Reloaded `tasks.py` | Ausgeführt von luca_nexory(714361420409733171)
[2026-03-05 21-33-31] [INFO    ] discord: Reloaded `tasks.py` | Ausgeführt von luca_nexory(714361420409733171)
[2026-03-05 21-33-31] [INFO    ] discord: Reloaded `tasks.py` | Ausgeführt von luca_nexory(714361420409733171)
[2026-03-05 21-33-31] [INFO    ] discord: Reloaded `tasks.py` | Ausgeführt von luca_nexory(714361420409733171)
[2026-03-05 21-33-31] [INFO    ] discord: Reloaded `tasks.py` | Ausgeführt von luca_nexory(714361420409733171)
[2026-03-05 21-33-31] [INFO    ] discord: Reloaded `tasks.py` | Ausgeführt von luca_nexory(714361420409733171)
[2026-03-05 21-33-31] [INFO    ] discord: Reloaded `tasks.py` | Ausgeführt von luca_nexory(714361420409733171)
[2026-03-05 21-33-31] [INFO    ] discord: Reloaded `tasks.py` | Ausgeführt von luca_nexory(714361420409733171)
[2026-03-05 21-33-31] [INFO    ] discord: Reloaded `tasks.py` | Ausgeführt von luca_nexory(714361420409733171)
[2026-03-05 21-33-31] [INFO    ] discord: Reminder loop startet... auf Aufgaben prüfen
[2026-03-05 21-33-31] [INFO    ] discord: Reminder loop startet... auf Aufgaben prüfen
[2026-03-05 21-33-31] [INFO    ] discord: Reminder loop startet... auf Aufgaben prüfen
[2026-03-05 21-33-31] [INFO    ] discord: Reminder loop startet... auf Aufgaben prüfen
[2026-03-05 21-33-31] [INFO    ] discord: Reminder loop startet... auf Aufgaben prüfen
[2026-03-05 21-33-31] [INFO    ] discord: Reminder loop startet... auf Aufgaben prüfen
[2026-03-05 21-33-31] [INFO    ] discord: Reminder loop startet... auf Aufgaben prüfen
[2026-03-05 21-33-31] [INFO    ] discord: Reminder loop startet... auf Aufgaben prüfen
[2026-03-05 21-33-31] [INFO    ] discord: Reminder loop startet... auf Aufgaben prüfen
[2026-03-05 21-33-31] [INFO    ] discord: Reminder loop startet... auf Aufgaben prüfen
[2026-03-05 21-33-31] [INFO    ] discord: Reminder loop startet... auf Aufgaben prüfen
[2026-03-05 21-33-31] [INFO    ] discord: Reminder loop startet... auf Aufgaben prüfen
[2026-03-05 21-33-39] [INFO    ] discord: Reloaded `tasks.py` | Ausgeführt von luca_nexory(714361420409733171)
[2026-03-05 21-33-39] [INFO    ] discord: Reloaded `tasks.py` | Ausgeführt von luca_nexory(714361420409733171)
[2026-03-05 21-33-39] [INFO    ] discord: Reloaded `tasks.py` | Ausgeführt von luca_nexory(714361420409733171)
[2026-03-05 21-33-39] [INFO    ] discord: Reloaded `tasks.py` | Ausgeführt von luca_nexory(714361420409733171)
[2026-03-05 21-33-39] [INFO    ] discord: Reloaded `tasks.py` | Ausgeführt von luca_nexory(714361420409733171)
[2026-03-05 21-33-39] [INFO    ] discord: Reloaded `tasks.py` | Ausgeführt von luca_nexory(714361420409733171)
[2026-03-05 21-33-39] [INFO    ] discord: Reloaded `tasks.py` | Ausgeführt von luca_nexory(714361420409733171)
[2026-03-05 21-33-39] [INFO    ] discord: Reloaded `tasks.py` | Ausgeführt von luca_nexory(714361420409733171)
[2026-03-05 21-33-39] [INFO    ] discord: Reloaded `tasks.py` | Ausgeführt von luca_nexory(714361420409733171)
[2026-03-05 21-33-39] [INFO    ] discord: Reloaded `tasks.py` | Ausgeführt von luca_nexory(714361420409733171)
[2026-03-05 21-33-39] [INFO    ] discord: Reloaded `tasks.py` | Ausgeführt von luca_nexory(714361420409733171)
[2026-03-05 21-33-39] [INFO    ] discord: Reloaded `tasks.py` | Ausgeführt von luca_nexory(714361420409733171)
[2026-03-05 21-33-39] [INFO    ] discord: Reloaded `tasks.py` | Ausgeführt von luca_nexory(714361420409733171)
[2026-03-05 21-33-39] [INFO    ] discord: Reminder loop startet... auf Aufgaben prüfen
[2026-03-05 21-33-39] [INFO    ] discord: Reminder loop startet... auf Aufgaben prüfen
[2026-03-05 21-33-39] [INFO    ] discord: Reminder loop startet... auf Aufgaben prüfen
[2026-03-05 21-33-39] [INFO    ] discord: Reminder loop startet... auf Aufgaben prüfen
[2026-03-05 21-33-39] [INFO    ] discord: Reminder loop startet... auf Aufgaben prüfen
[2026-03-05 21-33-39] [INFO    ] discord: Reminder loop startet... auf Aufgaben prüfen
[2026-03-05 21-33-39] [INFO    ] discord: Reminder loop startet... auf Aufgaben prüfen
[2026-03-05 21-33-39] [INFO    ] discord: Reminder loop startet... auf Aufgaben prüfen
[2026-03-05 21-33-39] [INFO    ] discord: Reminder loop startet... auf Aufgaben prüfen
[2026-03-05 21-33-39] [INFO    ] discord: Reminder loop startet... auf Aufgaben prüfen
[2026-03-05 21-33-39] [INFO    ] discord: Reminder loop startet... auf Aufgaben prüfen
[2026-03-05 21-33-39] [INFO    ] discord: Reminder loop startet... auf Aufgaben prüfen
[2026-03-05 21-33-39] [INFO    ] discord: Reminder loop startet... auf Aufgaben prüfen
[2026-03-05 21-33-49] [INFO    ] discord: Reloaded `tasks.py` | Ausgeführt von luca_nexory(714361420409733171)
[2026-03-05 21-33-49] [INFO    ] discord: Reloaded `tasks.py` | Ausgeführt von luca_nexory(714361420409733171)
[2026-03-05 21-33-49] [INFO    ] discord: Reloaded `tasks.py` | Ausgeführt von luca_nexory(714361420409733171)
[2026-03-05 21-33-49] [INFO    ] discord: Reloaded `tasks.py` | Ausgeführt von luca_nexory(714361420409733171)
[2026-03-05 21-33-49] [INFO    ] discord: Reloaded `tasks.py` | Ausgeführt von luca_nexory(714361420409733171)
[2026-03-05 21-33-49] [INFO    ] discord: Reloaded `tasks.py` | Ausgeführt von luca_nexory(714361420409733171)
[2026-03-05 21-33-49] [INFO    ] discord: Reloaded `tasks.py` | Ausgeführt von luca_nexory(714361420409733171)
[2026-03-05 21-33-49] [INFO    ] discord: Reloaded `tasks.py` | Ausgeführt von luca_nexory(714361420409733171)
[2026-03-05 21-33-49] [INFO    ] discord: Reloaded `tasks.py` | Ausgeführt von luca_nexory(714361420409733171)
[2026-03-05 21-33-49] [INFO    ] discord: Reloaded `tasks.py` | Ausgeführt von luca_nexory(714361420409733171)
[2026-03-05 21-33-49] [INFO    ] discord: Reloaded `tasks.py` | Ausgeführt von luca_nexory(714361420409733171)
[2026-03-05 21-33-49] [INFO    ] discord: Reloaded `tasks.py` | Ausgeführt von luca_nexory(714361420409733171)
[2026-03-05 21-33-49] [INFO    ] discord: Reloaded `tasks.py` | Ausgeführt von luca_nexory(714361420409733171)
[2026-03-05 21-33-49] [INFO    ] discord: Reloaded `tasks.py` | Ausgeführt von luca_nexory(714361420409733171)
[2026-03-05 21-33-49] [INFO    ] discord: Reminder loop startet... auf Aufgaben prüfen
[2026-03-05 21-33-49] [INFO    ] discord: Reminder loop startet... auf Aufgaben prüfen
[2026-03-05 21-33-49] [INFO    ] discord: Reminder loop startet... auf Aufgaben prüfen
[2026-03-05 21-33-49] [INFO    ] discord: Reminder loop startet... auf Aufgaben prüfen
[2026-03-05 21-33-49] [INFO    ] discord: Reminder loop startet... auf Aufgaben prüfen
[2026-03-05 21-33-49] [INFO    ] discord: Reminder loop startet... auf Aufgaben prüfen
[2026-03-05 21-33-49] [INFO    ] discord: Reminder loop startet... auf Aufgaben prüfen
[2026-03-05 21-33-49] [INFO    ] discord: Reminder loop startet... auf Aufgaben prüfen
[2026-03-05 21-33-49] [INFO    ] discord: Reminder loop startet... auf Aufgaben prüfen
[2026-03-05 21-33-49] [INFO    ] discord: Reminder loop startet... auf Aufgaben prüfen
[2026-03-05 21-33-49] [INFO    ] discord: Reminder loop startet... auf Aufgaben prüfen
[2026-03-05 21-33-49] [INFO    ] discord: Reminder loop startet... auf Aufgaben prüfen
[2026-03-05 21-33-49] [INFO    ] discord: Reminder loop startet... auf Aufgaben prüfen
[2026-03-05 21-33-49] [INFO    ] discord: Reminder loop startet... auf Aufgaben prüfen
[2026-03-05 21-38-35] [INFO    ] discord: Status erfolgreich gesetzt.
[2026-03-05 21-38-35] [INFO    ] discord: Status erfolgreich gesetzt.
[2026-03-05 21-38-35] [INFO    ] discord: Status erfolgreich gesetzt.
[2026-03-05 21-38-35] [INFO    ] discord: Status erfolgreich gesetzt.
[2026-03-05 21-38-35] [INFO    ] discord: Status erfolgreich gesetzt.
[2026-03-05 21-38-35] [INFO    ] discord: Status erfolgreich gesetzt.
[2026-03-05 21-38-35] [INFO    ] discord: Status erfolgreich gesetzt.
[2026-03-05 21-38-35] [INFO    ] discord: Status erfolgreich gesetzt.
[2026-03-05 21-38-35] [INFO    ] discord: Status erfolgreich gesetzt.
[2026-03-05 21-38-35] [INFO    ] discord: Status erfolgreich gesetzt.
[2026-03-05 21-38-35] [INFO    ] discord: Status erfolgreich gesetzt.
[2026-03-05 21-38-35] [INFO    ] discord: Status erfolgreich gesetzt.
[2026-03-05 21-38-35] [INFO    ] discord: Status erfolgreich gesetzt.
[2026-03-05 21-38-35] [INFO    ] discord: Status erfolgreich gesetzt.
[2026-03-05 21-40-36] [INFO    ] discord: Reloaded `tasks.py` | Ausgeführt von luca_nexory(714361420409733171)
[2026-03-05 21-40-36] [INFO    ] discord: Reloaded `tasks.py` | Ausgeführt von luca_nexory(714361420409733171)
[2026-03-05 21-40-36] [INFO    ] discord: Reloaded `tasks.py` | Ausgeführt von luca_nexory(714361420409733171)
[2026-03-05 21-40-36] [INFO    ] discord: Reloaded `tasks.py` | Ausgeführt von luca_nexory(714361420409733171)
[2026-03-05 21-40-36] [INFO    ] discord: Reloaded `tasks.py` | Ausgeführt von luca_nexory(714361420409733171)
[2026-03-05 21-40-36] [INFO    ] discord: Reloaded `tasks.py` | Ausgeführt von luca_nexory(714361420409733171)
[2026-03-05 21-40-36] [INFO    ] discord: Reloaded `tasks.py` | Ausgeführt von luca_nexory(714361420409733171)
[2026-03-05 21-40-36] [INFO    ] discord: Reloaded `tasks.py` | Ausgeführt von luca_nexory(714361420409733171)
[2026-03-05 21-40-36] [INFO    ] discord: Reloaded `tasks.py` | Ausgeführt von luca_nexory(714361420409733171)
[2026-03-05 21-40-36] [INFO    ] discord: Reloaded `tasks.py` | Ausgeführt von luca_nexory(714361420409733171)
[2026-03-05 21-40-36] [INFO    ] discord: Reloaded `tasks.py` | Ausgeführt von luca_nexory(714361420409733171)
[2026-03-05 21-40-36] [INFO    ] discord: Reloaded `tasks.py` | Ausgeführt von luca_nexory(714361420409733171)
[2026-03-05 21-40-36] [INFO    ] discord: Reloaded `tasks.py` | Ausgeführt von luca_nexory(714361420409733171)
[2026-03-05 21-40-36] [INFO    ] discord: Reloaded `tasks.py` | Ausgeführt von luca_nexory(714361420409733171)
[2026-03-05 21-40-36] [INFO    ] discord: Reloaded `tasks.py` | Ausgeführt von luca_nexory(714361420409733171)
[2026-03-05 21-40-36] [INFO    ] discord: Reminder loop startet... auf Aufgaben prüfen
[2026-03-05 21-40-36] [INFO    ] discord: Reminder loop startet... auf Aufgaben prüfen
[2026-03-05 21-40-36] [INFO    ] discord: Reminder loop startet... auf Aufgaben prüfen
[2026-03-05 21-40-36] [INFO    ] discord: Reminder loop startet... auf Aufgaben prüfen
[2026-03-05 21-40-36] [INFO    ] discord: Reminder loop startet... auf Aufgaben prüfen
[2026-03-05 21-40-36] [INFO    ] discord: Reminder loop startet... auf Aufgaben prüfen
[2026-03-05 21-40-36] [INFO    ] discord: Reminder loop startet... auf Aufgaben prüfen
[2026-03-05 21-40-36] [INFO    ] discord: Reminder loop startet... auf Aufgaben prüfen
[2026-03-05 21-40-36] [INFO    ] discord: Reminder loop startet... auf Aufgaben prüfen
[2026-03-05 21-40-36] [INFO    ] discord: Reminder loop startet... auf Aufgaben prüfen
[2026-03-05 21-40-36] [INFO    ] discord: Reminder loop startet... auf Aufgaben prüfen
[2026-03-05 21-40-36] [INFO    ] discord: Reminder loop startet... auf Aufgaben prüfen
[2026-03-05 21-40-36] [INFO    ] discord: Reminder loop startet... auf Aufgaben prüfen
[2026-03-05 21-40-36] [INFO    ] discord: Reminder loop startet... auf Aufgaben prüfen
[2026-03-05 21-40-36] [INFO    ] discord: Reminder loop startet... auf Aufgaben prüfen
[2026-03-05 21-43-16] [INFO    ] discord: Reloaded `tasks.py` | Ausgeführt von luca_nexory(714361420409733171)
[2026-03-05 21-43-16] [INFO    ] discord: Reloaded `tasks.py` | Ausgeführt von luca_nexory(714361420409733171)
[2026-03-05 21-43-16] [INFO    ] discord: Reloaded `tasks.py` | Ausgeführt von luca_nexory(714361420409733171)
[2026-03-05 21-43-16] [INFO    ] discord: Reloaded `tasks.py` | Ausgeführt von luca_nexory(714361420409733171)
[2026-03-05 21-43-16] [INFO    ] discord: Reloaded `tasks.py` | Ausgeführt von luca_nexory(714361420409733171)
[2026-03-05 21-43-16] [INFO    ] discord: Reloaded `tasks.py` | Ausgeführt von luca_nexory(714361420409733171)
[2026-03-05 21-43-16] [INFO    ] discord: Reloaded `tasks.py` | Ausgeführt von luca_nexory(714361420409733171)
[2026-03-05 21-43-16] [INFO    ] discord: Reloaded `tasks.py` | Ausgeführt von luca_nexory(714361420409733171)
[2026-03-05 21-43-16] [INFO    ] discord: Reloaded `tasks.py` | Ausgeführt von luca_nexory(714361420409733171)
[2026-03-05 21-43-16] [INFO    ] discord: Reloaded `tasks.py` | Ausgeführt von luca_nexory(714361420409733171)
[2026-03-05 21-43-16] [INFO    ] discord: Reloaded `tasks.py` | Ausgeführt von luca_nexory(714361420409733171)
[2026-03-05 21-43-16] [INFO    ] discord: Reloaded `tasks.py` | Ausgeführt von luca_nexory(714361420409733171)
[2026-03-05 21-43-16] [INFO    ] discord: Reloaded `tasks.py` | Ausgeführt von luca_nexory(714361420409733171)
[2026-03-05 21-43-16] [INFO    ] discord: Reloaded `tasks.py` | Ausgeführt von luca_nexory(714361420409733171)
[2026-03-05 21-43-16] [INFO    ] discord: Reloaded `tasks.py` | Ausgeführt von luca_nexory(714361420409733171)
[2026-03-05 21-43-16] [INFO    ] discord: Reloaded `tasks.py` | Ausgeführt von luca_nexory(714361420409733171)
[2026-03-05 21-43-16] [INFO    ] discord: Reminder loop startet... auf Aufgaben prüfen
[2026-03-05 21-43-16] [INFO    ] discord: Reminder loop startet... auf Aufgaben prüfen
[2026-03-05 21-43-16] [INFO    ] discord: Reminder loop startet... auf Aufgaben prüfen
[2026-03-05 21-43-16] [INFO    ] discord: Reminder loop startet... auf Aufgaben prüfen
[2026-03-05 21-43-16] [INFO    ] discord: Reminder loop startet... auf Aufgaben prüfen
[2026-03-05 21-43-16] [INFO    ] discord: Reminder loop startet... auf Aufgaben prüfen
[2026-03-05 21-43-16] [INFO    ] discord: Reminder loop startet... auf Aufgaben prüfen
[2026-03-05 21-43-16] [INFO    ] discord: Reminder loop startet... auf Aufgaben prüfen
[2026-03-05 21-43-16] [INFO    ] discord: Reminder loop startet... auf Aufgaben prüfen
[2026-03-05 21-43-16] [INFO    ] discord: Reminder loop startet... auf Aufgaben prüfen
[2026-03-05 21-43-16] [INFO    ] discord: Reminder loop startet... auf Aufgaben prüfen
[2026-03-05 21-43-16] [INFO    ] discord: Reminder loop startet... auf Aufgaben prüfen
[2026-03-05 21-43-16] [INFO    ] discord: Reminder loop startet... auf Aufgaben prüfen
[2026-03-05 21-43-16] [INFO    ] discord: Reminder loop startet... auf Aufgaben prüfen
[2026-03-05 21-43-16] [INFO    ] discord: Reminder loop startet... auf Aufgaben prüfen
[2026-03-05 21-43-16] [INFO    ] discord: Reminder loop startet... auf Aufgaben prüfen
[2026-03-05 21-46-17] [ERROR   ] discord: Fehler in reminder_loop: Expected datetime.datetime or None received date instead
[2026-03-05 21-46-17] [ERROR   ] discord: Fehler in reminder_loop: Expected datetime.datetime or None received date instead
[2026-03-05 21-46-17] [ERROR   ] discord: Fehler in reminder_loop: Expected datetime.datetime or None received date instead
[2026-03-05 21-46-17] [ERROR   ] discord: Fehler in reminder_loop: Expected datetime.datetime or None received date instead
[2026-03-05 21-46-17] [ERROR   ] discord: Fehler in reminder_loop: Expected datetime.datetime or None received date instead
[2026-03-05 21-46-17] [ERROR   ] discord: Fehler in reminder_loop: Expected datetime.datetime or None received date instead
[2026-03-05 21-46-17] [ERROR   ] discord: Fehler in reminder_loop: Expected datetime.datetime or None received date instead
[2026-03-05 21-46-17] [ERROR   ] discord: Fehler in reminder_loop: Expected datetime.datetime or None received date instead
[2026-03-05 21-46-17] [ERROR   ] discord: Fehler in reminder_loop: Expected datetime.datetime or None received date instead
[2026-03-05 21-46-17] [ERROR   ] discord: Fehler in reminder_loop: Expected datetime.datetime or None received date instead
[2026-03-05 21-46-17] [ERROR   ] discord: Fehler in reminder_loop: Expected datetime.datetime or None received date instead
[2026-03-05 21-46-17] [ERROR   ] discord: Fehler in reminder_loop: Expected datetime.datetime or None received date instead
[2026-03-05 21-46-17] [ERROR   ] discord: Fehler in reminder_loop: Expected datetime.datetime or None received date instead
[2026-03-05 21-46-17] [ERROR   ] discord: Fehler in reminder_loop: Expected datetime.datetime or None received date instead
[2026-03-05 21-46-17] [ERROR   ] discord: Fehler in reminder_loop: Expected datetime.datetime or None received date instead
[2026-03-05 21-46-17] [ERROR   ] discord: Fehler in reminder_loop: Expected datetime.datetime or None received date instead
[2026-03-05 21-46-45] [INFO    ] discord: Reloaded `tasks.py` | Ausgeführt von luca_nexory(714361420409733171)
[2026-03-05 21-46-45] [INFO    ] discord: Reloaded `tasks.py` | Ausgeführt von luca_nexory(714361420409733171)
[2026-03-05 21-46-45] [INFO    ] discord: Reloaded `tasks.py` | Ausgeführt von luca_nexory(714361420409733171)
[2026-03-05 21-46-45] [INFO    ] discord: Reloaded `tasks.py` | Ausgeführt von luca_nexory(714361420409733171)
[2026-03-05 21-46-45] [INFO    ] discord: Reloaded `tasks.py` | Ausgeführt von luca_nexory(714361420409733171)
[2026-03-05 21-46-45] [INFO    ] discord: Reloaded `tasks.py` | Ausgeführt von luca_nexory(714361420409733171)
[2026-03-05 21-46-45] [INFO    ] discord: Reloaded `tasks.py` | Ausgeführt von luca_nexory(714361420409733171)
[2026-03-05 21-46-45] [INFO    ] discord: Reloaded `tasks.py` | Ausgeführt von luca_nexory(714361420409733171)
[2026-03-05 21-46-45] [INFO    ] discord: Reloaded `tasks.py` | Ausgeführt von luca_nexory(714361420409733171)
[2026-03-05 21-46-45] [INFO    ] discord: Reloaded `tasks.py` | Ausgeführt von luca_nexory(714361420409733171)
[2026-03-05 21-46-45] [INFO    ] discord: Reloaded `tasks.py` | Ausgeführt von luca_nexory(714361420409733171)
[2026-03-05 21-46-45] [INFO    ] discord: Reloaded `tasks.py` | Ausgeführt von luca_nexory(714361420409733171)
[2026-03-05 21-46-45] [INFO    ] discord: Reloaded `tasks.py` | Ausgeführt von luca_nexory(714361420409733171)
[2026-03-05 21-46-45] [INFO    ] discord: Reloaded `tasks.py` | Ausgeführt von luca_nexory(714361420409733171)
[2026-03-05 21-46-45] [INFO    ] discord: Reloaded `tasks.py` | Ausgeführt von luca_nexory(714361420409733171)
[2026-03-05 21-46-45] [INFO    ] discord: Reloaded `tasks.py` | Ausgeführt von luca_nexory(714361420409733171)
[2026-03-05 21-46-45] [INFO    ] discord: Reloaded `tasks.py` | Ausgeführt von luca_nexory(714361420409733171)
[2026-03-05 21-46-45] [INFO    ] discord: Reminder loop startet... auf Aufgaben prüfen
[2026-03-05 21-46-45] [INFO    ] discord: Reminder loop startet... auf Aufgaben prüfen
[2026-03-05 21-46-45] [INFO    ] discord: Reminder loop startet... auf Aufgaben prüfen
[2026-03-05 21-46-45] [INFO    ] discord: Reminder loop startet... auf Aufgaben prüfen
[2026-03-05 21-46-45] [INFO    ] discord: Reminder loop startet... auf Aufgaben prüfen
[2026-03-05 21-46-45] [INFO    ] discord: Reminder loop startet... auf Aufgaben prüfen
[2026-03-05 21-46-45] [INFO    ] discord: Reminder loop startet... auf Aufgaben prüfen
[2026-03-05 21-46-45] [INFO    ] discord: Reminder loop startet... auf Aufgaben prüfen
[2026-03-05 21-46-45] [INFO    ] discord: Reminder loop startet... auf Aufgaben prüfen
[2026-03-05 21-46-45] [INFO    ] discord: Reminder loop startet... auf Aufgaben prüfen
[2026-03-05 21-46-45] [INFO    ] discord: Reminder loop startet... auf Aufgaben prüfen
[2026-03-05 21-46-45] [INFO    ] discord: Reminder loop startet... auf Aufgaben prüfen
[2026-03-05 21-46-45] [INFO    ] discord: Reminder loop startet... auf Aufgaben prüfen
[2026-03-05 21-46-45] [INFO    ] discord: Reminder loop startet... auf Aufgaben prüfen
[2026-03-05 21-46-45] [INFO    ] discord: Reminder loop startet... auf Aufgaben prüfen
[2026-03-05 21-46-45] [INFO    ] discord: Reminder loop startet... auf Aufgaben prüfen
[2026-03-05 21-46-45] [INFO    ] discord: Reminder loop startet... auf Aufgaben prüfen
[2026-03-05 21-46-45] [ERROR   ] discord: Fehler in reminder_loop: Expected datetime.datetime or None received date instead
[2026-03-05 21-46-45] [ERROR   ] discord: Fehler in reminder_loop: Expected datetime.datetime or None received date instead
[2026-03-05 21-46-45] [ERROR   ] discord: Fehler in reminder_loop: Expected datetime.datetime or None received date instead
[2026-03-05 21-46-45] [ERROR   ] discord: Fehler in reminder_loop: Expected datetime.datetime or None received date instead
[2026-03-05 21-46-45] [ERROR   ] discord: Fehler in reminder_loop: Expected datetime.datetime or None received date instead
[2026-03-05 21-46-45] [ERROR   ] discord: Fehler in reminder_loop: Expected datetime.datetime or None received date instead
[2026-03-05 21-46-45] [ERROR   ] discord: Fehler in reminder_loop: Expected datetime.datetime or None received date instead
[2026-03-05 21-46-45] [ERROR   ] discord: Fehler in reminder_loop: Expected datetime.datetime or None received date instead
[2026-03-05 21-46-45] [ERROR   ] discord: Fehler in reminder_loop: Expected datetime.datetime or None received date instead
[2026-03-05 21-46-45] [ERROR   ] discord: Fehler in reminder_loop: Expected datetime.datetime or None received date instead
[2026-03-05 21-46-45] [ERROR   ] discord: Fehler in reminder_loop: Expected datetime.datetime or None received date instead
[2026-03-05 21-46-45] [ERROR   ] discord: Fehler in reminder_loop: Expected datetime.datetime or None received date instead
[2026-03-05 21-46-45] [ERROR   ] discord: Fehler in reminder_loop: Expected datetime.datetime or None received date instead
[2026-03-05 21-46-45] [ERROR   ] discord: Fehler in reminder_loop: Expected datetime.datetime or None received date instead
[2026-03-05 21-46-45] [ERROR   ] discord: Fehler in reminder_loop: Expected datetime.datetime or None received date instead
[2026-03-05 21-46-45] [ERROR   ] discord: Fehler in reminder_loop: Expected datetime.datetime or None received date instead
[2026-03-05 21-46-45] [ERROR   ] discord: Fehler in reminder_loop: Expected datetime.datetime or None received date instead
[2026-03-05 21-47-24] [INFO    ] discord: Reloaded `tasks.py` | Ausgeführt von luca_nexory(714361420409733171)
[2026-03-05 21-47-24] [INFO    ] discord: Reloaded `tasks.py` | Ausgeführt von luca_nexory(714361420409733171)
[2026-03-05 21-47-24] [INFO    ] discord: Reloaded `tasks.py` | Ausgeführt von luca_nexory(714361420409733171)
[2026-03-05 21-47-24] [INFO    ] discord: Reloaded `tasks.py` | Ausgeführt von luca_nexory(714361420409733171)
[2026-03-05 21-47-24] [INFO    ] discord: Reloaded `tasks.py` | Ausgeführt von luca_nexory(714361420409733171)
[2026-03-05 21-47-24] [INFO    ] discord: Reloaded `tasks.py` | Ausgeführt von luca_nexory(714361420409733171)
[2026-03-05 21-47-24] [INFO    ] discord: Reloaded `tasks.py` | Ausgeführt von luca_nexory(714361420409733171)
[2026-03-05 21-47-24] [INFO    ] discord: Reloaded `tasks.py` | Ausgeführt von luca_nexory(714361420409733171)
[2026-03-05 21-47-24] [INFO    ] discord: Reloaded `tasks.py` | Ausgeführt von luca_nexory(714361420409733171)
[2026-03-05 21-47-24] [INFO    ] discord: Reloaded `tasks.py` | Ausgeführt von luca_nexory(714361420409733171)
[2026-03-05 21-47-24] [INFO    ] discord: Reloaded `tasks.py` | Ausgeführt von luca_nexory(714361420409733171)
[2026-03-05 21-47-24] [INFO    ] discord: Reloaded `tasks.py` | Ausgeführt von luca_nexory(714361420409733171)
[2026-03-05 21-47-24] [INFO    ] discord: Reloaded `tasks.py` | Ausgeführt von luca_nexory(714361420409733171)
[2026-03-05 21-47-24] [INFO    ] discord: Reloaded `tasks.py` | Ausgeführt von luca_nexory(714361420409733171)
[2026-03-05 21-47-24] [INFO    ] discord: Reloaded `tasks.py` | Ausgeführt von luca_nexory(714361420409733171)
[2026-03-05 21-47-24] [INFO    ] discord: Reloaded `tasks.py` | Ausgeführt von luca_nexory(714361420409733171)
[2026-03-05 21-47-24] [INFO    ] discord: Reloaded `tasks.py` | Ausgeführt von luca_nexory(714361420409733171)
[2026-03-05 21-47-24] [INFO    ] discord: Reloaded `tasks.py` | Ausgeführt von luca_nexory(714361420409733171)
[2026-03-05 21-47-24] [INFO    ] discord: Reminder loop startet... auf Aufgaben prüfen
[2026-03-05 21-47-24] [INFO    ] discord: Reminder loop startet... auf Aufgaben prüfen
[2026-03-05 21-47-24] [INFO    ] discord: Reminder loop startet... auf Aufgaben prüfen
[2026-03-05 21-47-24] [INFO    ] discord: Reminder loop startet... auf Aufgaben prüfen
[2026-03-05 21-47-24] [INFO    ] discord: Reminder loop startet... auf Aufgaben prüfen
[2026-03-05 21-47-24] [INFO    ] discord: Reminder loop startet... auf Aufgaben prüfen
[2026-03-05 21-47-24] [INFO    ] discord: Reminder loop startet... auf Aufgaben prüfen
[2026-03-05 21-47-24] [INFO    ] discord: Reminder loop startet... auf Aufgaben prüfen
[2026-03-05 21-47-24] [INFO    ] discord: Reminder loop startet... auf Aufgaben prüfen
[2026-03-05 21-47-24] [INFO    ] discord: Reminder loop startet... auf Aufgaben prüfen
[2026-03-05 21-47-24] [INFO    ] discord: Reminder loop startet... auf Aufgaben prüfen
[2026-03-05 21-47-24] [INFO    ] discord: Reminder loop startet... auf Aufgaben prüfen
[2026-03-05 21-47-24] [INFO    ] discord: Reminder loop startet... auf Aufgaben prüfen
[2026-03-05 21-47-24] [INFO    ] discord: Reminder loop startet... auf Aufgaben prüfen
[2026-03-05 21-47-24] [INFO    ] discord: Reminder loop startet... auf Aufgaben prüfen
[2026-03-05 21-47-24] [INFO    ] discord: Reminder loop startet... auf Aufgaben prüfen
[2026-03-05 21-47-24] [INFO    ] discord: Reminder loop startet... auf Aufgaben prüfen
[2026-03-05 21-47-24] [INFO    ] discord: Reminder loop startet... auf Aufgaben prüfen
[2026-03-05 21-47-24] [ERROR   ] discord: Fehler in reminder_loop: Expected datetime.datetime or None received date instead
[2026-03-05 21-47-24] [ERROR   ] discord: Fehler in reminder_loop: Expected datetime.datetime or None received date instead
[2026-03-05 21-47-24] [ERROR   ] discord: Fehler in reminder_loop: Expected datetime.datetime or None received date instead
[2026-03-05 21-47-24] [ERROR   ] discord: Fehler in reminder_loop: Expected datetime.datetime or None received date instead
[2026-03-05 21-47-24] [ERROR   ] discord: Fehler in reminder_loop: Expected datetime.datetime or None received date instead
[2026-03-05 21-47-24] [ERROR   ] discord: Fehler in reminder_loop: Expected datetime.datetime or None received date instead
[2026-03-05 21-47-24] [ERROR   ] discord: Fehler in reminder_loop: Expected datetime.datetime or None received date instead
[2026-03-05 21-47-24] [ERROR   ] discord: Fehler in reminder_loop: Expected datetime.datetime or None received date instead
[2026-03-05 21-47-24] [ERROR   ] discord: Fehler in reminder_loop: Expected datetime.datetime or None received date instead
[2026-03-05 21-47-24] [ERROR   ] discord: Fehler in reminder_loop: Expected datetime.datetime or None received date instead
[2026-03-05 21-47-24] [ERROR   ] discord: Fehler in reminder_loop: Expected datetime.datetime or None received date instead
[2026-03-05 21-47-24] [ERROR   ] discord: Fehler in reminder_loop: Expected datetime.datetime or None received date instead
[2026-03-05 21-47-24] [ERROR   ] discord: Fehler in reminder_loop: Expected datetime.datetime or None received date instead
[2026-03-05 21-47-24] [ERROR   ] discord: Fehler in reminder_loop: Expected datetime.datetime or None received date instead
[2026-03-05 21-47-24] [ERROR   ] discord: Fehler in reminder_loop: Expected datetime.datetime or None received date instead
[2026-03-05 21-47-24] [ERROR   ] discord: Fehler in reminder_loop: Expected datetime.datetime or None received date instead
[2026-03-05 21-47-24] [ERROR   ] discord: Fehler in reminder_loop: Expected datetime.datetime or None received date instead
[2026-03-05 21-47-24] [ERROR   ] discord: Fehler in reminder_loop: Expected datetime.datetime or None received date instead
[2026-03-05 21-48-24] [ERROR   ] discord: Fehler in reminder_loop: Expected datetime.datetime or None received date instead
[2026-03-05 21-48-24] [ERROR   ] discord: Fehler in reminder_loop: Expected datetime.datetime or None received date instead
[2026-03-05 21-48-24] [ERROR   ] discord: Fehler in reminder_loop: Expected datetime.datetime or None received date instead
[2026-03-05 21-48-24] [ERROR   ] discord: Fehler in reminder_loop: Expected datetime.datetime or None received date instead
[2026-03-05 21-48-24] [ERROR   ] discord: Fehler in reminder_loop: Expected datetime.datetime or None received date instead
[2026-03-05 21-48-24] [ERROR   ] discord: Fehler in reminder_loop: Expected datetime.datetime or None received date instead
[2026-03-05 21-48-24] [ERROR   ] discord: Fehler in reminder_loop: Expected datetime.datetime or None received date instead
[2026-03-05 21-48-24] [ERROR   ] discord: Fehler in reminder_loop: Expected datetime.datetime or None received date instead
[2026-03-05 21-48-24] [ERROR   ] discord: Fehler in reminder_loop: Expected datetime.datetime or None received date instead
[2026-03-05 21-48-24] [ERROR   ] discord: Fehler in reminder_loop: Expected datetime.datetime or None received date instead
[2026-03-05 21-48-24] [ERROR   ] discord: Fehler in reminder_loop: Expected datetime.datetime or None received date instead
[2026-03-05 21-48-24] [ERROR   ] discord: Fehler in reminder_loop: Expected datetime.datetime or None received date instead
[2026-03-05 21-48-24] [ERROR   ] discord: Fehler in reminder_loop: Expected datetime.datetime or None received date instead
[2026-03-05 21-48-24] [ERROR   ] discord: Fehler in reminder_loop: Expected datetime.datetime or None received date instead
[2026-03-05 21-48-24] [ERROR   ] discord: Fehler in reminder_loop: Expected datetime.datetime or None received date instead
[2026-03-05 21-48-24] [ERROR   ] discord: Fehler in reminder_loop: Expected datetime.datetime or None received date instead
[2026-03-05 21-48-24] [ERROR   ] discord: Fehler in reminder_loop: Expected datetime.datetime or None received date instead
[2026-03-05 21-48-24] [ERROR   ] discord: Fehler in reminder_loop: Expected datetime.datetime or None received date instead
[2026-03-05 21-48-56] [INFO    ] discord: Reloaded `tasks.py` | Ausgeführt von luca_nexory(714361420409733171)
[2026-03-05 21-48-56] [INFO    ] discord: Reloaded `tasks.py` | Ausgeführt von luca_nexory(714361420409733171)
[2026-03-05 21-48-56] [INFO    ] discord: Reloaded `tasks.py` | Ausgeführt von luca_nexory(714361420409733171)
[2026-03-05 21-48-56] [INFO    ] discord: Reloaded `tasks.py` | Ausgeführt von luca_nexory(714361420409733171)
[2026-03-05 21-48-56] [INFO    ] discord: Reloaded `tasks.py` | Ausgeführt von luca_nexory(714361420409733171)
[2026-03-05 21-48-56] [INFO    ] discord: Reloaded `tasks.py` | Ausgeführt von luca_nexory(714361420409733171)
[2026-03-05 21-48-56] [INFO    ] discord: Reloaded `tasks.py` | Ausgeführt von luca_nexory(714361420409733171)
[2026-03-05 21-48-56] [INFO    ] discord: Reloaded `tasks.py` | Ausgeführt von luca_nexory(714361420409733171)
[2026-03-05 21-48-56] [INFO    ] discord: Reloaded `tasks.py` | Ausgeführt von luca_nexory(714361420409733171)
[2026-03-05 21-48-56] [INFO    ] discord: Reloaded `tasks.py` | Ausgeführt von luca_nexory(714361420409733171)
[2026-03-05 21-48-56] [INFO    ] discord: Reloaded `tasks.py` | Ausgeführt von luca_nexory(714361420409733171)
[2026-03-05 21-48-56] [INFO    ] discord: Reloaded `tasks.py` | Ausgeführt von luca_nexory(714361420409733171)
[2026-03-05 21-48-56] [INFO    ] discord: Reloaded `tasks.py` | Ausgeführt von luca_nexory(714361420409733171)
[2026-03-05 21-48-56] [INFO    ] discord: Reloaded `tasks.py` | Ausgeführt von luca_nexory(714361420409733171)
[2026-03-05 21-48-56] [INFO    ] discord: Reloaded `tasks.py` | Ausgeführt von luca_nexory(714361420409733171)
[2026-03-05 21-48-56] [INFO    ] discord: Reloaded `tasks.py` | Ausgeführt von luca_nexory(714361420409733171)
[2026-03-05 21-48-56] [INFO    ] discord: Reloaded `tasks.py` | Ausgeführt von luca_nexory(714361420409733171)
[2026-03-05 21-48-56] [INFO    ] discord: Reloaded `tasks.py` | Ausgeführt von luca_nexory(714361420409733171)
[2026-03-05 21-48-56] [INFO    ] discord: Reloaded `tasks.py` | Ausgeführt von luca_nexory(714361420409733171)
[2026-03-05 21-48-56] [INFO    ] discord: Reminder loop startet... auf Aufgaben prüfen
[2026-03-05 21-48-56] [INFO    ] discord: Reminder loop startet... auf Aufgaben prüfen
[2026-03-05 21-48-56] [INFO    ] discord: Reminder loop startet... auf Aufgaben prüfen
[2026-03-05 21-48-56] [INFO    ] discord: Reminder loop startet... auf Aufgaben prüfen
[2026-03-05 21-48-56] [INFO    ] discord: Reminder loop startet... auf Aufgaben prüfen
[2026-03-05 21-48-56] [INFO    ] discord: Reminder loop startet... auf Aufgaben prüfen
[2026-03-05 21-48-56] [INFO    ] discord: Reminder loop startet... auf Aufgaben prüfen
[2026-03-05 21-48-56] [INFO    ] discord: Reminder loop startet... auf Aufgaben prüfen
[2026-03-05 21-48-56] [INFO    ] discord: Reminder loop startet... auf Aufgaben prüfen
[2026-03-05 21-48-56] [INFO    ] discord: Reminder loop startet... auf Aufgaben prüfen
[2026-03-05 21-48-56] [INFO    ] discord: Reminder loop startet... auf Aufgaben prüfen
[2026-03-05 21-48-56] [INFO    ] discord: Reminder loop startet... auf Aufgaben prüfen
[2026-03-05 21-48-56] [INFO    ] discord: Reminder loop startet... auf Aufgaben prüfen
[2026-03-05 21-48-56] [INFO    ] discord: Reminder loop startet... auf Aufgaben prüfen
[2026-03-05 21-48-56] [INFO    ] discord: Reminder loop startet... auf Aufgaben prüfen
[2026-03-05 21-48-56] [INFO    ] discord: Reminder loop startet... auf Aufgaben prüfen
[2026-03-05 21-48-56] [INFO    ] discord: Reminder loop startet... auf Aufgaben prüfen
[2026-03-05 21-48-56] [INFO    ] discord: Reminder loop startet... auf Aufgaben prüfen
[2026-03-05 21-48-56] [INFO    ] discord: Reminder loop startet... auf Aufgaben prüfen
